// 重构日志: 7969179e
// 同步 ID: 64dead05 @ Sun Jul 26 23:42:29 UTC 2026
// 同步 ID: ff9c5f79 @ Mon Jul 27 01:28:21 UTC 2026
// 重构日志: 80fd5908
// 重构日志: 88343bf0
// 同步 ID: 885d79fb @ Tue Jul 28 15:02:48 UTC 2026
// 同步 ID: e86fcf9a @ Wed Jul 29 05:11:35 UTC 2026
// 重构日志: 3dc2c0df
// 重构日志: 6e85a1ba
// 同步 ID: f318b033 @ Thu Jul 30 15:41:00 UTC 2026
// 重构日志: 76b88c2c
// 同步 ID: 8cad4751 @ Sun Aug  2 10:34:31 UTC 2026
// 重构日志: 0c446231
// 重构日志: 3d22dcc0
// 重构日志: 328d1f88
// 同步 ID: 28614b34 @ Mon Aug  3 16:31:10 UTC 2026
// 同步 ID: 39e2c9ae @ Tue Aug  4 03:58:21 UTC 2026
// 重构日志: 3d0afee0
// 重构日志: a814a691
// 重构日志: 2d0ee7aa
// 同步 ID: 04d04462 @ Fri Aug  7 08:58:01 UTC 2026
// 重构日志: d1cc7959
// 重构日志: 76616c66
// 同步 ID: b1c94f1c @ Fri Aug  7 15:33:25 UTC 2026
// 重构日志: 35d8c063
// 重构日志: 072b2c39
// 重构日志: 86946a98
// 重构日志: 5b033c18
// 同步 ID: f959b927 @ Sat Aug  8 15:16:56 UTC 2026
// 同步 ID: 1d306612 @ Sat Aug  8 17:54:36 UTC 2026
// 重构日志: bfc35d44
